[www.prathaptraders.co.in/index.html]
[backblue.gif]
[fade.gif]
[index.html]
[catalog.wlimg.com/main-common/catalog_common.css]
[catalog.wlimg.com/templates-images/12569/12572/catalog.css]
[catalog.wlimg.com/templates-images/12569/12572/responsive.css]
[catalog.wlimg.com/templates-images/12569/12572/mobile.css]
[catalog.wlimg.com/templates-images/12569/12572/preset.css]
[catalog.wlimg.com/main-common/catalog_common.js]
[catalog.wlimg.com/templates-images/12569/common/catalog.js]
[catalog.wlimg.com/templates-images/12569/12572/setting-icon.gif]
[catalog.wlimg.com/templates-images/12569/12572/ei_footerbg.png]
[catalog.wlimg.com/1/7416829/other-images/12569-comp-image.png]
[www.prathaptraders.co.in/cashew-nuts.html]
[www.prathaptraders.co.in/natural-cashew-nuts.html]
[www.prathaptraders.co.in/organic-cashew-nuts.html]
[www.prathaptraders.co.in/scorched-cashew-nuts.html]
[www.prathaptraders.co.in/split-cashew-nuts.html]
[www.prathaptraders.co.in/masala-cashew-nuts.html]
[www.prathaptraders.co.in/contact-us.html]
[catalog.wlimg.com/templates-images/12569/12572/spacer.png]
[catalog.wlimg.com/1/7416829/other-images/comp-info-img-15873.jpg]
[catalog.wlimg.com/1/7416829/other-images/comp-info-img-15874.jpg]
[catalog.wlimg.com/1/7416829/other-images/comp-info-img-15875.jpg]
[2.wlimg.com/product_images/bc-small/2020/8/7416829/organic-cashew-nuts-1596610033-5543741.jpg]
[2.wlimg.com/product_images/bc-small/2020/8/7416829/scorched-cashew-nuts-1596610059-5543743.jpg]
[2.wlimg.com/product_images/bc-small/2020/8/7416829/split-cashew-nuts-1596610085-5543746.jpg]
[2.wlimg.com/product_images/bc-small/2020/8/7416829/masala-cashew-nuts-1597385872-5554175.jpg]
[www.prathaptraders.co.in/products.html]
[catalog.wlimg.com/templates-images/12569/common/rss_icon.png]
[catalog.wlimg.com/main-common/ei.png]
[www.prathaptraders.co.in/index.html]
[www.prathaptraders.co.in/thanks.htm]
[www.prathaptraders.co.in/about-us.htm]
[catalog.wlimg.com/templates-images/12569/12572/bg1.jpg]
[catalog.wlimg.com/templates-images/12569/12572/bg3.jpg]
[2.wlimg.com/product_images/bc-small/2020/8/7416829/natural-cashew-nuts-1596610004-5543738.jpg]
[www.prathaptraders.co.in/cashew-nuts.html]
[2.wlimg.com/product_images/bc-full/2020/8/7416829/natural-cashew-nuts-1596610004-5543738.jpg]
[www.prathaptraders.co.in/natural-cashew-nuts.html]
[www.prathaptraders.co.in/enquiry-form-10019384d.html]
[2.wlimg.com/product_images/bc-full/2020/8/7416829/organic-cashew-nuts-1596610033-5543741.jpg]
[www.prathaptraders.co.in/enquiry-form-10019315a.html]
[www.prathaptraders.co.in/organic-cashew-nuts.html]
[2.wlimg.com/product_images/bc-full/2020/8/7416829/scorched-cashew-nuts-1596610059-5543743.jpg]
[www.prathaptraders.co.in/enquiry-form-10019f431.html]
[www.prathaptraders.co.in/scorched-cashew-nuts.html]
[2.wlimg.com/product_images/bc-full/2020/8/7416829/split-cashew-nuts-1596610085-5543746.jpg]
[www.prathaptraders.co.in/split-cashew-nuts.html]
[www.prathaptraders.co.in/enquiry-form-100196c56.html]
[2.wlimg.com/product_images/bc-full/2020/8/7416829/masala-cashew-nuts-1597385872-5554175.jpg]
[www.prathaptraders.co.in/masala-cashew-nuts.html]
[www.prathaptraders.co.in/contact-us.html]
[www.prathaptraders.co.in/products.html]
[www.prathaptraders.co.in/thanks.htm]
[www.prathaptraders.co.in/about-us.htm]
[www.prathaptraders.co.in/enquiry-form-10019df54.html]
[www.prathaptraders.co.in/sitemap.htm]
[code.jquery.com/jquery-1.8.3.min.js]
[catalog.wlimg.com/main-common/bizcatglog-js.js]
[catalog.wlimg.com/main-common/country_list.js]
[catalog.wlimg.com/main-common/common-static-form_new.js]
[catalog.wlimg.com/main-common/swfobject-new.js]
[catalog.wlimg.com/jquery-date-picker/jquery-ui.min.js]
[catalog.wlimg.com/main-common/resp_common.js]
[catalog.wlimg.com/main-common/Modernizr2.7.1.js]
[catalog.wlimg.com/templates-images/12569/common/ddsmoothmenu.js]
[catalog.wlimg.com/templates-images/12569/common/fluid_dg.min.js]
[catalog.wlimg.com/templates-images/12569/common/jquery.bxslider.min.js]
[catalog.wlimg.com/templates-images/12569/common/jquery.DG_Slider.min.js]
[catalog.wlimg.com/templates-images/12569/common/jquery.zoom-min.js]
[catalog.wlimg.com/templates-images/12569/common/12569.js]
[catalog.wlimg.com/templates-images/12569/common/allinone.js]
[catalog.wlimg.com/catalog-image-jquery/jquery.fancybox.min.js]
[catalog.wlimg.com/main-common/jquery.photo.gallery.js]
[catalog.wlimg.com/main-common/jquery.paging.photo.gallery.js]
[www.prathaptraders.co.in/enquiry-form-10019384d.html]
[www.prathaptraders.co.in/enquiry-form-10019315a.html]
[www.prathaptraders.co.in/enquiry-form-10019f431.html]
[www.prathaptraders.co.in/enquiry-form-100196c56.html]
[www.prathaptraders.co.in/enquiry-form-10019df54.html]
[www.prathaptraders.co.in/sitemap.htm]
[www.prathaptraders.co.in/current-jobs.html]
[www.prathaptraders.co.in/current-jobs.html]
[catalog.wlimg.com/templates-images/12569/12572/spacer.png]
[catalog.wlimg.com/1/7416829/other-images/comp-info-img-15873.jpg]
[catalog.wlimg.com/templates-images/12569/12572/ei_footerbg.png]
[cdnjs.cloudflare.com/ajax/libs/font-awesome/4.7.0/css/font-awesome.min.css]
[catalog.wlimg.com/main-common/zoom.png]
[2.wlimg.com/product_images/bc-small/2020/8/7416829/scorched-cashew-nuts-1596610059-5543743.jpg]
[2.wlimg.com/product_images/bc-small/2020/8/7416829/organic-cashew-nuts-1596610033-5543741.jpg]
[catalog.wlimg.com/templates-images/12569/12572/bg1.jpg]
[catalog.wlimg.com/jquery-date-picker/images/ui-bg_diagonals-thick_20_666666_40x40.png]
[catalog.wlimg.com/main-common/catalog_common.css]
[catalog.wlimg.com/main-common/fonts/icomoon.svg]
[2.wlimg.com/product_images/bc-full/2020/8/7416829/masala-cashew-nuts-1597385872-5554175.jpg]
[catalog.wlimg.com/templates-images/12569/12572/bg3.jpg]
[catalog.wlimg.com/templates-images/12569/12572/pi-icons/a-industry.png]
[catalog.wlimg.com/templates-images/12569/12572/pi-icons/banking.png]
[catalog.wlimg.com/templates-images/12569/12572/pi-icons/bfsi.png]
[catalog.wlimg.com/templates-images/12569/12572/pi-icons/bpo.png]
[catalog.wlimg.com/templates-images/12569/12572/pi-icons/chemical-PF.png]
[catalog.wlimg.com/templates-images/12569/12572/pi-icons/cons-realE.png]
[catalog.wlimg.com/templates-images/12569/12572/pi-icons/cons-durab.png]
[catalog.wlimg.com/templates-images/12569/12572/pi-icons/E-technical.png]
[catalog.wlimg.com/templates-images/12569/12572/pi-icons/event-Org.png]
[catalog.wlimg.com/templates-images/12569/12572/pi-icons/exp-imp.png]
[catalog.wlimg.com/templates-images/12569/12572/pi-icons/finance.png]
[catalog.wlimg.com/templates-images/12569/12572/pi-icons/food-ind.png]
[catalog.wlimg.com/templates-images/12569/12572/pi-icons/manufac-O.png]
[catalog.wlimg.com/templates-images/12569/12572/pi-icons/marine-ship.png]
[catalog.wlimg.com/templates-images/12569/12572/pi-icons/oil-gas.png]
[catalog.wlimg.com/templates-images/12569/12572/pi-icons/pharma-MH.png]
[catalog.wlimg.com/templates-images/12569/12572/pi-icons/PP-ind.png]
[catalog.wlimg.com/templates-images/12569/12572/pi-icons/sales-markt.png]
[catalog.wlimg.com/templates-images/12569/12572/pi-icons/tour-travel.png]
[catalog.wlimg.com/templates-images/12569/12572/pi-icons/trans-logis.png]
[catalog.wlimg.com/templates-images/12569/12572/pi-icons/admission.png]
[catalog.wlimg.com/templates-images/12569/12572/pi-icons/camp-hire.png]
[catalog.wlimg.com/templates-images/12569/12572/pi-icons/career-cons.png]
[catalog.wlimg.com/templates-images/12569/12572/pi-icons/dist-educt.png]
[catalog.wlimg.com/templates-images/12569/12572/pi-icons/head-hunt.png]
[catalog.wlimg.com/templates-images/12569/12572/pi-icons/hr-consul.png]
[catalog.wlimg.com/templates-images/12569/12572/pi-icons/manp-rec.png]
[catalog.wlimg.com/templates-images/12569/12572/pi-icons/migr-ser.png]
[catalog.wlimg.com/templates-images/12569/12572/pi-icons/overseas.png]
[catalog.wlimg.com/templates-images/12569/12572/pi-icons/payr-mang.png]
[catalog.wlimg.com/templates-images/12569/12572/pi-icons/rpo-ser.png]
[catalog.wlimg.com/templates-images/12569/12572/pi-icons/secr-ser.png]
[catalog.wlimg.com/templates-images/12569/12572/pi-icons/train-develop.png]
[catalog.wlimg.com/templates-images/12569/12572/pi-icons/realestate.png]
[catalog.wlimg.com/templates-images/12569/12572/pi-icons/resume-writing.png]
[catalog.wlimg.com/templates-images/12569/12572/pi-icons/turn-key-hiring-projects.png]
[catalog.wlimg.com/templates-images/12569/12572/pi-icons/network.png]
[catalog.wlimg.com/templates-images/12569/12572/pi-icons/enterprise.png]
[catalog.wlimg.com/templates-images/12569/12572/pi-icons/remote.png]
[catalog.wlimg.com/templates-images/12569/12572/pi-icons/jamsJwell.png]
[catalog.wlimg.com/templates-images/12569/12572/pi-icons/iso-consultancy.png]
[catalog.wlimg.com/templates-images/12569/12572/pi-icons/electical-cont.png]
[catalog.wlimg.com/templates-images/12569/12572/empl_bg.jpg]
[catalog.wlimg.com/templates-images/12569/12572/jbskr_bg.jpg]
[catalog.wlimg.com/templates-images/12569/12572/placement-bg.jpg]
[catalog.wlimg.com/templates-images/12569/12572/testimonials.jpg]
[catalog.wlimg.com/templates-images/12569/12572/fact-stripe.png]
[catalog.wlimg.com/templates-images/12569/12572/heading-icon.png]
[catalog.wlimg.com/templates-images/12569/12572/qtyBg.png]
[catalog.wlimg.com/templates-images/12569/12572/vis-mis-bg.jpg]
[catalog.wlimg.com/templates-images/12569/12572/proRange-bg.jpg]
[catalog.wlimg.com/templates-images/12569/12572/sprites_image.png]
[catalog.wlimg.com/templates-images/12569/12572/contact_image4.png]
[catalog.wlimg.com/templates-images/12569/12572/close.png]
[catalog.wlimg.com/templates-images/12569/12572/sitemap_home.png]
[catalog.wlimg.com/templates-images/12569/12572/sitemap_hr.png]
[catalog.wlimg.com/templates-images/12569/12572/zoom_bg.png]
[catalog.wlimg.com/templates-images/12569/12572/sprite_icons.png]
[catalog.wlimg.com/templates-images/12569/12572/sprite-activities-gray.png]
[catalog.wlimg.com/templates-images/12569/12572/pattern_n2.png]
[catalog.wlimg.com/templates-images/12569/12572/real-estate.jpg]
[catalog.wlimg.com/templates-images/12569/12572/tp-sprite.png]
[catalog.wlimg.com/templates-images/12569/12572/sprite-icon-rei.png]
[catalog.wlimg.com/templates-images/12569/12572/sprite-icon-cab.png]
[catalog.wlimg.com/templates-images/12569/12572/fluid_dg-loader.gif]
[catalog.wlimg.com/templates-images/12569/12572/fluid_dg_skins.png]
[catalog.wlimg.com/templates-images/12569/12572/dc_bdr.png]
[catalog.wlimg.com/templates-images/12569/12572/loading.gif]
[catalog.wlimg.com/templates-images/12569/12572/pi-slider5.png]
[catalog.wlimg.com/templates-images/12569/12572/ttwi-slider5.png]
[catalog.wlimg.com/templates-images/12569/12572/ei-slider5.jpg]
[catalog.wlimg.com/templates-images/12569/12572/rei-slider5.jpg]
[catalog.wlimg.com/templates-images/12569/12572/foot-row-bg.png]
[catalog.wlimg.com/templates-images/12569/12572/bg-packages2.jpg]
[catalog.wlimg.com/templates-images/12569/12572/bg-packages3.jpg]
[catalog.wlimg.com/templates-images/12569/12572/bg-rei3.jpg]
[catalog.wlimg.com/templates-images/12569/12572/foot-bg.png]
[catalog.wlimg.com/templates-images/12569/12572/shadow.png]
[catalog.wlimg.com/templates-images/12569/12572/leftNavP.png]
[catalog.wlimg.com/templates-images/12569/12572/leftNavON.png]
[catalog.wlimg.com/templates-images/12569/12572/rightNax.png]
[catalog.wlimg.com/templates-images/12569/12572/rightNay.png]
[catalog.wlimg.com/templates-images/12569/12572/bottomNa.png]
[catalog.wlimg.com/templates-images/12569/12572/bottomNb.png]
[catalog.wlimg.com/templates-images/12569/12572/logo-bg.png]
[catalog.wlimg.com/templates-images/12569/12572/progress.gif]
[catalog.wlimg.com/templates-images/12569/12572/bottom_bg.png]
[catalog.wlimg.com/templates-images/12569/12572/play.png]
[catalog.wlimg.com/templates-images/12569/12572/pause2.png]
[catalog.wlimg.com/templates-images/12569/12572/button-tray.png]
[catalog.wlimg.com/templates-images/12569/12572/thumb-forward.png]
[catalog.wlimg.com/templates-images/12569/12572/li-cur.png]
[catalog.wlimg.com/templates-images/12569/12572/contact-bg.jpg]
[catalog.wlimg.com/templates-images/12569/12572/footer_pattern.png]
[catalog.wlimg.com/templates-images/12569/12572/catalog.css]
[catalog.wlimg.com/templates-images/12569/12572/responsive.css]
[catalog.wlimg.com/templates-images/12569/12572/mobile.css]
[catalog.wlimg.com/templates-images/12569/12572/preset.css]
[www.prathaptraders.co.in/enquiry-form-10019df54.html]
[cdnjs.cloudflare.com/ajax/libs/font-awesome/4.7.0/css/font-awesome.min.css]
[catalog.wlimg.com/main-common/fonts/icomoon.svg]
[catalog.wlimg.com/templates-images/12569/12572/pi-icons/education-t.png]
[catalog.wlimg.com/templates-images/12569/12572/pi-icons/fab-erec.png]
[catalog.wlimg.com/templates-images/12569/12572/pi-icons/fmcg.png]
[catalog.wlimg.com/templates-images/12569/12572/pi-icons/heavy-ind.png]
[catalog.wlimg.com/templates-images/12569/12572/pi-icons/insurance.png]
[catalog.wlimg.com/templates-images/12569/12572/pi-icons/ites.png]
[catalog.wlimg.com/templates-images/12569/12572/pi-icons/retail.png]
[catalog.wlimg.com/templates-images/12569/12572/pi-icons/telecom-tech.png]
[catalog.wlimg.com/templates-images/12569/12572/pi-icons/texttile-ind.png]
[catalog.wlimg.com/templates-images/12569/12572/pi-icons/event-org.html]
[catalog.wlimg.com/templates-images/12569/12572/pi-icons/house-ser.png]
[catalog.wlimg.com/templates-images/12569/12572/pi-icons/work-home.png]
[catalog.wlimg.com/templates-images/12569/12572/pi-icons/hiring.png]
[catalog.wlimg.com/templates-images/12569/12572/controls-test.png]
[catalog.wlimg.com/templates-images/12569/12572/location.html]
[catalog.wlimg.com/templates-images/12569/12572/controls-home.png]
[cdnjs.cloudflare.com/ajax/libs/font-awesome/4.7.0/fonts/fontawesome-webfont3e6e.svg]
[catalog.wlimg.com/templates-images/12569/12572/contact_image2.png]
[catalog.wlimg.com/templates-images/12569/12572/contact_image5.png]
[catalog.wlimg.com/templates-images/12569/12572/sprite-activities.png]
[catalog.wlimg.com/templates-images/12569/12572/images/abstract-bg2.html]
[catalog.wlimg.com/templates-images/12569/12572/controls.png]
[catalog.wlimg.com/templates-images/12569/12572/bg-ei2.jpg]
[catalog.wlimg.com/templates-images/12569/12572/bg-rei2.jpg]
[catalog.wlimg.com/templates-images/12569/12572/bg-ei3.jpg]
[catalog.wlimg.com/templates-images/12569/12572/bg_image.png]
[catalog.wlimg.com/templates-images/12569/12572/loader00.html]
[catalog.wlimg.com/templates-images/12569/12572/images/spacer.html]
[catalog.wlimg.com/templates-images/12569/12572/pattern.html]
[catalog.wlimg.com/templates-images/12569/12572/thumb-back.png]
[catalog.wlimg.com/templates-images/12569/12572/home-bg.png]
[cdnjs.cloudflare.com/ajax/libs/font-awesome/4.7.0/fonts/fontawesome-webfont3e6e.svg]
[catalog.wlimg.com/templates-images/12569/12572/pi-icons/adv-mdm.png]
[catalog.wlimg.com/templates-images/12569/12572/pi-icons/automobile.png]
[catalog.wlimg.com/templates-images/12569/12572/pi-icons/PR-energy.png]
[catalog.wlimg.com/templates-images/12569/12572/pi-icons/domes-plac.png]
[catalog.wlimg.com/templates-images/12569/12572/pi-icons/staff-sol.png]
[catalog.wlimg.com/templates-images/12569/12572/pi-icons/labour-cont.png]
[catalog.wlimg.com/templates-images/12569/12572/common_x_bgs_50px.png]
[catalog.wlimg.com/templates-images/12569/12572/fancy-close.png]
[catalog.wlimg.com/templates-images/12569/12572/pi-icons/ex-search.png]
[catalog.wlimg.com/templates-images/12569/12572/difbg_shadow.png]
[catalog.wlimg.com/templates-images/12569/12572/bx_loader.gif]
[catalog.wlimg.com/templates-images/12569/12572/ttw-bg2.jpg]
[catalog.wlimg.com/templates-images/12569/12572/ttw-contact2.jpg]
